Archive member included to satisfy reference by file (symbol)

C:/ST/STM32CubeIDE_1.18.1/STM32CubeIDE/plugins/com.st.stm32cube.ide.mcu.externaltools.gnu-tools-for-stm32.13.3.rel1.win32_1.0.0.202411081344/tools/bin/../lib/gcc/arm-none-eabi/13.3.1/../../../../arm-none-eabi/lib/thumb/v8-m.main+dp/hard\libc_nano.a(libc_a-exit.o)
                              C:/ST/STM32CubeIDE_1.18.1/STM32CubeIDE/plugins/com.st.stm32cube.ide.mcu.externaltools.gnu-tools-for-stm32.13.3.rel1.win32_1.0.0.202411081344/tools/bin/../lib/gcc/arm-none-eabi/13.3.1/../../../../arm-none-eabi/lib/thumb/v8-m.main+dp/hard/crt0.o (exit)
C:/ST/STM32CubeIDE_1.18.1/STM32CubeIDE/plugins/com.st.stm32cube.ide.mcu.externaltools.gnu-tools-for-stm32.13.3.rel1.win32_1.0.0.202411081344/tools/bin/../lib/gcc/arm-none-eabi/13.3.1/../../../../arm-none-eabi/lib/thumb/v8-m.main+dp/hard\libc_nano.a(libc_a-findfp.o)
                              C:/ST/STM32CubeIDE_1.18.1/STM32CubeIDE/plugins/com.st.stm32cube.ide.mcu.externaltools.gnu-tools-for-stm32.13.3.rel1.win32_1.0.0.202411081344/tools/bin/../lib/gcc/arm-none-eabi/13.3.1/../../../../arm-none-eabi/lib/thumb/v8-m.main+dp/hard\libc_nano.a(libc_a-exit.o) (__stdio_exit_handler)
C:/ST/STM32CubeIDE_1.18.1/STM32CubeIDE/plugins/com.st.stm32cube.ide.mcu.externaltools.gnu-tools-for-stm32.13.3.rel1.win32_1.0.0.202411081344/tools/bin/../lib/gcc/arm-none-eabi/13.3.1/../../../../arm-none-eabi/lib/thumb/v8-m.main+dp/hard\libc_nano.a(libc_a-fwalk.o)
                              C:/ST/STM32CubeIDE_1.18.1/STM32CubeIDE/plugins/com.st.stm32cube.ide.mcu.externaltools.gnu-tools-for-stm32.13.3.rel1.win32_1.0.0.202411081344/tools/bin/../lib/gcc/arm-none-eabi/13.3.1/../../../../arm-none-eabi/lib/thumb/v8-m.main+dp/hard\libc_nano.a(libc_a-findfp.o) (_fwalk_sglue)
C:/ST/STM32CubeIDE_1.18.1/STM32CubeIDE/plugins/com.st.stm32cube.ide.mcu.externaltools.gnu-tools-for-stm32.13.3.rel1.win32_1.0.0.202411081344/tools/bin/../lib/gcc/arm-none-eabi/13.3.1/../../../../arm-none-eabi/lib/thumb/v8-m.main+dp/hard\libc_nano.a(libc_a-stdio.o)
                              C:/ST/STM32CubeIDE_1.18.1/STM32CubeIDE/plugins/com.st.stm32cube.ide.mcu.externaltools.gnu-tools-for-stm32.13.3.rel1.win32_1.0.0.202411081344/tools/bin/../lib/gcc/arm-none-eabi/13.3.1/../../../../arm-none-eabi/lib/thumb/v8-m.main+dp/hard\libc_nano.a(libc_a-findfp.o) (__sread)
C:/ST/STM32CubeIDE_1.18.1/STM32CubeIDE/plugins/com.st.stm32cube.ide.mcu.externaltools.gnu-tools-for-stm32.13.3.rel1.win32_1.0.0.202411081344/tools/bin/../lib/gcc/arm-none-eabi/13.3.1/../../../../arm-none-eabi/lib/thumb/v8-m.main+dp/hard\libc_nano.a(libc_a-memset.o)
                              C:/ST/STM32CubeIDE_1.18.1/STM32CubeIDE/plugins/com.st.stm32cube.ide.mcu.externaltools.gnu-tools-for-stm32.13.3.rel1.win32_1.0.0.202411081344/tools/bin/../lib/gcc/arm-none-eabi/13.3.1/../../../../arm-none-eabi/lib/thumb/v8-m.main+dp/hard/crt0.o (memset)
C:/ST/STM32CubeIDE_1.18.1/STM32CubeIDE/plugins/com.st.stm32cube.ide.mcu.externaltools.gnu-tools-for-stm32.13.3.rel1.win32_1.0.0.202411081344/tools/bin/../lib/gcc/arm-none-eabi/13.3.1/../../../../arm-none-eabi/lib/thumb/v8-m.main+dp/hard\libc_nano.a(libc_a-closer.o)
                              C:/ST/STM32CubeIDE_1.18.1/STM32CubeIDE/plugins/com.st.stm32cube.ide.mcu.externaltools.gnu-tools-for-stm32.13.3.rel1.win32_1.0.0.202411081344/tools/bin/../lib/gcc/arm-none-eabi/13.3.1/../../../../arm-none-eabi/lib/thumb/v8-m.main+dp/hard\libc_nano.a(libc_a-stdio.o) (_close_r)
C:/ST/STM32CubeIDE_1.18.1/STM32CubeIDE/plugins/com.st.stm32cube.ide.mcu.externaltools.gnu-tools-for-stm32.13.3.rel1.win32_1.0.0.202411081344/tools/bin/../lib/gcc/arm-none-eabi/13.3.1/../../../../arm-none-eabi/lib/thumb/v8-m.main+dp/hard\libc_nano.a(libc_a-reent.o)
                              C:/ST/STM32CubeIDE_1.18.1/STM32CubeIDE/plugins/com.st.stm32cube.ide.mcu.externaltools.gnu-tools-for-stm32.13.3.rel1.win32_1.0.0.202411081344/tools/bin/../lib/gcc/arm-none-eabi/13.3.1/../../../../arm-none-eabi/lib/thumb/v8-m.main+dp/hard\libc_nano.a(libc_a-closer.o) (errno)
C:/ST/STM32CubeIDE_1.18.1/STM32CubeIDE/plugins/com.st.stm32cube.ide.mcu.externaltools.gnu-tools-for-stm32.13.3.rel1.win32_1.0.0.202411081344/tools/bin/../lib/gcc/arm-none-eabi/13.3.1/../../../../arm-none-eabi/lib/thumb/v8-m.main+dp/hard\libc_nano.a(libc_a-impure.o)
                              C:/ST/STM32CubeIDE_1.18.1/STM32CubeIDE/plugins/com.st.stm32cube.ide.mcu.externaltools.gnu-tools-for-stm32.13.3.rel1.win32_1.0.0.202411081344/tools/bin/../lib/gcc/arm-none-eabi/13.3.1/../../../../arm-none-eabi/lib/thumb/v8-m.main+dp/hard\libc_nano.a(libc_a-reent.o) (_impure_ptr)
C:/ST/STM32CubeIDE_1.18.1/STM32CubeIDE/plugins/com.st.stm32cube.ide.mcu.externaltools.gnu-tools-for-stm32.13.3.rel1.win32_1.0.0.202411081344/tools/bin/../lib/gcc/arm-none-eabi/13.3.1/../../../../arm-none-eabi/lib/thumb/v8-m.main+dp/hard\libc_nano.a(libc_a-lseekr.o)
[...]
Memory Configuration

Name             Origin             Length             Attributes
RAM              0x34000400         0x001ffc00         xrw
*default*        0x00000000         0xffffffff

Linker script and memory map

LOAD C:/ST/STM32CubeIDE_1.18.1/STM32CubeIDE/plugins/com.st.stm32cube.ide.mcu.externaltools.gnu-tools-for-stm32.13.3.rel1.win32_1.0.0.202411081344/tools/bin/../lib/gcc/arm-none-eabi/13.3.1/thumb/v8-m.main+dp/hard/crti.o
LOAD C:/ST/STM32CubeIDE_1.18.1/STM32CubeIDE/plugins/com.st.stm32cube.ide.mcu.externaltools.gnu-tools-for-stm32.13.3.rel1.win32_1.0.0.202411081344/tools/bin/../lib/gcc/arm-none-eabi/13.3.1/thumb/v8-m.main+dp/hard/crtbegin.o
LOAD C:/ST/STM32CubeIDE_1.18.1/STM32CubeIDE/plugins/com.st.stm32cube.ide.mcu.externaltools.gnu-tools-for-stm32.13.3.rel1.win32_1.0.0.202411081344/tools/bin/../lib/gcc/arm-none-eabi/13.3.1/../../../../arm-none-eabi/lib/thumb/v8-m.main+dp/hard/crt0.o
LOAD ./Core/Src/main.o
LOAD ./Core/Src/secure_nsc.o
LOAD ./Core/Src/stm32n6xx_hal_msp.o
LOAD ./Core/Src/stm32n6xx_it.o
LOAD ./Core/Src/syscalls.o
LOAD ./Core/Src/sysmem.o
LOAD ./Core/Src/system_stm32n6xx_s.o
LOAD ./Core/Startup/startup_stm32n657x0hxq.o
LOAD ./Drivers/STM32N6xx_HAL_Driver/stm32n6xx_hal.o
LOAD ./Drivers/STM32N6xx_HAL_Driver/stm32n6xx_hal_cortex.o
LOAD ./Drivers/STM32N6xx_HAL_Driver/stm32n6xx_hal_dma.o
LOAD ./Drivers/STM32N6xx_HAL_Driver/stm32n6xx_hal_dma_ex.o
LOAD ./Drivers/STM32N6xx_HAL_Driver/stm32n6xx_hal_exti.o
LOAD ./Drivers/STM32N6xx_HAL_Driver/stm32n6xx_hal_gpio.o
LOAD ./Drivers/STM32N6xx_HAL_Driver/stm32n6xx_hal_pwr.o
LOAD ./Drivers/STM32N6xx_HAL_Driver/stm32n6xx_hal_pwr_ex.o
LOAD ./Drivers/STM32N6xx_HAL_Driver/stm32n6xx_hal_rcc.o
LOAD ./Drivers/STM32N6xx_HAL_Driver/stm32n6xx_hal_rcc_ex.o
LOAD ./Drivers/STM32N6xx_HAL_Driver/stm32n6xx_hal_rif.o
LOAD ./Middlewares/FreeRTOS/RTOS/Core/Cortex-M/freertos_evr.o
LOAD ./Middlewares/FreeRTOS/RTOS/Core/Cortex-M/list.o
LOAD ./Middlewares/FreeRTOS/RTOS/Core/Cortex-M/port.o
LOAD ./Middlewares/FreeRTOS/RTOS/Core/Cortex-M/portasm.o
LOAD ./Middlewares/FreeRTOS/RTOS/Core/Cortex-M/queue.o
LOAD ./Middlewares/FreeRTOS/RTOS/Core/Cortex-M/tasks.o
LOAD ./Middlewares/FreeRTOS/RTOS/Coroutines/croutine.o
LOAD ./Middlewares/FreeRTOS/RTOS/Event Groups/event_groups.o
LOAD ./Middlewares/FreeRTOS/RTOS/Heap/Heap_4/heap_4.o
LOAD ./Middlewares/FreeRTOS/RTOS/Stream Buffer/stream_buffer.o
LOAD ./Middlewares/FreeRTOS/RTOS/Timers/timers.o
START GROUP
LOAD C:/ST/STM32CubeIDE_1.18.1/STM32CubeIDE/plugins/com.st.stm32cube.ide.mcu.externaltools.gnu-tools-for-stm32.13.3.rel1.win32_1.0.0.202411081344/tools/bin/../lib/gcc/arm-none-eabi/13.3.1/../../../../arm-none-eabi/lib/thumb/v8-m.main+dp/hard\libc_nano.a
LOAD C:/ST/STM32CubeIDE_1.18.1/STM32CubeIDE/plugins/com.st.stm32cube.ide.mcu.externaltools.gnu-tools-for-stm32.13.3.rel1.win32_1.0.0.202411081344/tools/bin/../lib/gcc/arm-none-eabi/13.3.1/../../../../arm-none-eabi/lib/thumb/v8-m.main+dp/hard\libm.a
END GROUP
START GROUP
LOAD C:/ST/STM32CubeIDE_1.18.1/STM32CubeIDE/plugins/com.st.stm32cube.ide.mcu.externaltools.gnu-tools-for-stm32.13.3.rel1.win32_1.0.0.202411081344/tools/bin/../lib/gcc/arm-none-eabi/13.3.1/thumb/v8-m.main+dp/hard\libgcc.a
LOAD C:/ST/STM32CubeIDE_1.18.1/STM32CubeIDE/plugins/com.st.stm32cube.ide.mcu.externaltools.gnu-tools-for-stm32.13.3.rel1.win32_1.0.0.202411081344/tools/bin/../lib/gcc/arm-none-eabi/13.3.1/../../../../arm-none-eabi/lib/thumb/v8-m.main+dp/hard\libc_nano.a
END GROUP
START GROUP
LOAD C:/ST/STM32CubeIDE_1.18.1/STM32CubeIDE/plugins/com.st.stm32cube.ide.mcu.externaltools.gnu-tools-for-stm32.13.3.rel1.win32_1.0.0.202411081344/tools/bin/../lib/gcc/arm-none-eabi/13.3.1/thumb/v8-m.main+dp/hard\libgcc.a
LOAD C:/ST/STM32CubeIDE_1.18.1/STM32CubeIDE/plugins/com.st.stm32cube.ide.mcu.externaltools.gnu-tools-for-stm32.13.3.rel1.win32_1.0.0.202411081344/tools/bin/../lib/gcc/arm-none-eabi/13.3.1/../../../../arm-none-eabi/lib/thumb/v8-m.main+dp/hard\libc_nano.a
LOAD C:/ST/STM32CubeIDE_1.18.1/STM32CubeIDE/plugins/com.st.stm32cube.ide.mcu.externaltools.gnu-tools-for-stm32.13.3.rel1.win32_1.0.0.202411081344/tools/bin/../lib/gcc/arm-none-eabi/13.3.1/../../../../arm-none-eabi/lib/thumb/v8-m.main+dp/hard\libnosys.a
END GROUP
START GROUP
LOAD C:/ST/STM32CubeIDE_1.18.1/STM32CubeIDE/plugins/com.st.stm32cube.ide.mcu.externaltools.gnu-tools-for-stm32.13.3.rel1.win32_1.0.0.202411081344/tools/bin/../lib/gcc/arm-none-eabi/13.3.1/thumb/v8-m.main+dp/hard\libgcc.a
LOAD C:/ST/STM32CubeIDE_1.18.1/STM32CubeIDE/plugins/com.st.stm32cube.ide.mcu.externaltools.gnu-tools-for-stm32.13.3.rel1.win32_1.0.0.202411081344/tools/bin/../lib/gcc/arm-none-eabi/13.3.1/../../../../arm-none-eabi/lib/thumb/v8-m.main+dp/hard\libc_nano.a
LOAD C:/ST/STM32CubeIDE_1.18.1/STM32CubeIDE/plugins/com.st.stm32cube.ide.mcu.externaltools.gnu-tools-for-stm32.13.3.rel1.win32_1.0.0.202411081344/tools/bin/../lib/gcc/arm-none-eabi/13.3.1/../../../../arm-none-eabi/lib/thumb/v8-m.main+dp/hard\libnosys.a
END GROUP
LOAD C:/ST/STM32CubeIDE_1.18.1/STM32CubeIDE/plugins/com.st.stm32cube.ide.mcu.externaltools.gnu-tools-for-stm32.13.3.rel1.win32_1.0.0.202411081344/tools/bin/../lib/gcc/arm-none-eabi/13.3.1/thumb/v8-m.main+dp/hard/crtend.o
LOAD C:/ST/STM32CubeIDE_1.18.1/STM32CubeIDE/plugins/com.st.stm32cube.ide.mcu.externaltools.gnu-tools-for-stm32.13.3.rel1.win32_1.0.0.202411081344/tools/bin/../lib/gcc/arm-none-eabi/13.3.1/thumb/v8-m.main+dp/hard/crtn.o
                0x34200000                        _estack = (ORIGIN (RAM) + LENGTH (RAM))
                0x341ff800                        _sstack = (_estack - _Min_Stack_Size)
                0x00000200                        _Min_Heap_Size = 0x200
                0x00000800                        _Min_Stack_Size = 0x800

.isr_vector     0x34000400      0x34c
                0x34000400                        . = ALIGN (0x4)
 *(.isr_vector)
 .isr_vector    0x34000400      0x34c ./Core/Startup/startup_stm32n657x0hxq.o
                0x34000400                g_pfnVectors
                0x3400074c                        . = ALIGN (0x4)

.text           0x3400074c     0x34c0
                0x3400074c                        . = ALIGN (0x4)
 *(.text)
 .text          0x3400074c       0x40 C:/ST/STM32CubeIDE_1.18.1/STM32CubeIDE/plugins/com.st.stm32cube.ide.mcu.externaltools.gnu-tools-for-stm32.13.3.rel1.win32_1.0.0.202411081344/tools/bin/../lib/gcc/arm-none-eabi/13.3.1/thumb/v8-m.main+dp/hard/crtbegin.o
 *(.text*)
 .text.LL_AHB3_GRP1_EnableClock
                0x3400078c       0x2c ./Core/Src/main.o
 .text.LL_AHB4_GRP1_EnableClock
                0x340007b8       0x2c ./Core/Src/main.o
 .text.vTaskFunction
                0x340007e4       0x20 ./Core/Src/main.o
                0x340007e4                vTaskFunction
 .text.main     0x34000804       0x40 ./Core/Src/main.o
                0x34000804                main
 .text.SystemIsolation_Config
                0x34000844       0x20 ./Core/Src/main.o
 .text.MX_GPIO_Init
                0x34000864       0x4c ./Core/Src/main.o
 .text.vApplicationMallocFailedHook
                0x340008b0       0x10 ./Core/Src/main.o
                0x340008b0                vApplicationMallocFailedHook
 .text.SECURE_RegisterCallback
                0x340008c0       0x54 ./Core/Src/secure_nsc.o
                0x340008c0                __acle_se_SECURE_RegisterCallback
 .text.HAL_MspInit
                0x34000914       0x10 ./Core/Src/stm32n6xx_hal_msp.o
                0x34000914                HAL_MspInit
 .text.NMI_Handler
                0x34000924        0x8 ./Core/Src/stm32n6xx_it.o
                0x34000924                NMI_Handler
 .text.HardFault_Handler
                0x3400092c        0x8 ./Core/Src/stm32n6xx_it.o
                0x3400092c                HardFault_Handler
 .text.MemManage_Handler
                0x34000934        0x8 ./Core/Src/stm32n6xx_it.o
                0x34000934                MemManage_Handler
 .text.BusFault_Handler
                0x3400093c        0x8 ./Core/Src/stm32n6xx_it.o
                0x3400093c                BusFault_Handler
 .text.UsageFault_Handler
                0x34000944        0x8 ./Core/Src/stm32n6xx_it.o
                0x34000944                UsageFault_Handler
 .text.SecureFault_Handler
                0x3400094c        0x8 ./Core/Src/stm32n6xx_it.o
                0x3400094c                SecureFault_Handler
 .text.DebugMon_Handler
                0x34000954        0xe ./Core/Src/stm32n6xx_it.o
                0x34000954                DebugMon_Handler
 .text.SysTick_Handler
                0x34000962       0x1a ./Core/Src/stm32n6xx_it.o
                0x34000962                SysTick_Handler
 .text.TZ_SAU_Setup
                0x3400097c       0x74 ./Core/Src/system_stm32n6xx_s.o
 .text.SystemInit
                0x340009f0       0x70 ./Core/Src/system_stm32n6xx_s.o
                0x340009f0                SystemInit
 .text.SystemCoreClockUpdate
                0x34000a60      0x350 ./Core/Src/system_stm32n6xx_s.o
                0x34000a60                SystemCoreClockUpdate
 .text.SECURE_SystemCoreClockUpdate
                0x34000db0       0x2c ./Core/Src/system_stm32n6xx_s.o
                0x34000db0                __acle_se_SECURE_SystemCoreClockUpdate
 .text.Reset_Handler
                0x34000ddc       0x5c ./Core/Startup/startup_stm32n657x0hxq.o
                0x34000ddc                Reset_Handler
 .text.Default_Handler
                0x34000e38        0x2 ./Core/Startup/startup_stm32n657x0hxq.o
                0x34000e38                HPDMA1_Channel13_IRQHandler
                0x34000e38                EXTI2_IRQHandler
                0x34000e38                MCE2_IRQHandler
                0x34000e38                TIM8_CC_IRQHandler
                0x34000e38                USB2_OTG_HS_IRQHandler
                0x34000e38                SAI1_A_IRQHandler
                0x34000e38                EXTI5_IRQHandler
                0x34000e38                I3C1_ER_IRQHandler
                0x34000e38                UART8_IRQHandler
                0x34000e38                CTI_INT0_IRQHandler
                0x34000e38                SPI4_IRQHandler
                0x34000e38                LTDC_LO_IRQHandler
                0x34000e38                NPU2_IRQHandler
                0x34000e38                FDCAN3_IT0_IRQHandler
                0x34000e38                EXTI13_IRQHandler
                0x34000e38                TIM1_CC_IRQHandler
                0x34000e38                XSPI1_IRQHandler
                0x34000e38                TIM10_IRQHandler
                0x34000e38                JPEG_IRQHandler
                0x34000e38                TAMP_IRQHandler
                0x34000e38                CACHE_ECC_IRQHandler
                0x34000e38                TIM6_IRQHandler
                0x34000e38                CSI_IRQHandler
                0x34000e38                EXTI12_IRQHandler
                0x34000e38                GFXTIM_IRQHandler
                0x34000e38                EXTI3_IRQHandler
                0x34000e38                LPTIM4_IRQHandler
                0x34000e38                GPDMA1_Channel5_IRQHandler
                0x34000e38                EXTI8_IRQHandler
                0x34000e38                LPTIM2_IRQHandler
                0x34000e38                GFXMMU_IRQHandler
                0x34000e38                LTDC_LO_ERR_IRQHandler
                0x34000e38                I2C3_ER_IRQHandler
                0x34000e38                RIFSC_TAMPER_IRQHandler
                0x34000e38                USART10_IRQHandler
                0x34000e38                MDF1_FLT2_IRQHandler
                0x34000e38                LPTIM3_IRQHandler
                0x34000e38                SAI2_A_IRQHandler
                0x34000e38                EXTI0_IRQHandler
                0x34000e38                HPDMA1_Channel9_IRQHandler
                0x34000e38                I2C2_EV_IRQHandler
                0x34000e38                GPU2D_IRQHandler
                0x34000e38                FPU_IRQHandler
                0x34000e38                GPDMA1_Channel3_IRQHandler
                0x34000e38                GPDMA1_Channel7_IRQHandler
                0x34000e38                MDF1_FLT4_IRQHandler
                0x34000e38                FDCAN1_IT1_IRQHandler
                0x34000e38                HPDMA1_Channel3_IRQHandler
                0x34000e38                ADC1_2_IRQHandler
                0x34000e38                GPDMA1_Channel9_IRQHandler
                0x34000e38                SPI1_IRQHandler
                0x34000e38                CACHEAXI_IRQHandler
                0x34000e38                SAI1_B_IRQHandler
                0x34000e38                GPDMA1_Channel2_IRQHandler
                0x34000e38                PAHB_ERR_IRQHandler
                0x34000e38                TIM8_UP_IRQHandler
                0x34000e38                RCC_S_IRQHandler
                0x34000e38                MDF1_FLT1_IRQHandler
                0x34000e38                LTDC_UP_IRQHandler
                0x34000e38                LOCKUP_IRQHandler
                0x34000e38                PKA_IRQHandler
                0x34000e38                USART6_IRQHandler
                0x34000e38                HPDMA1_Channel2_IRQHandler
                0x34000e38                MDF1_FLT5_IRQHandler
                0x34000e38                MCE4_IRQHandler
                0x34000e38                I3C2_ER_IRQHandler
                0x34000e38                EXTI15_IRQHandler
                0x34000e38                TIM17_IRQHandler
                0x34000e38                USART3_IRQHandler
                0x34000e38                HPDMA1_Channel6_IRQHandler
                0x34000e38                CRYP_IRQHandler
                0x34000e38                RTC_IRQHandler
                0x34000e38                XSPI2_IRQHandler
                0x34000e38                EXTI9_IRQHandler
                0x34000e38                IAC_IRQHandler
                0x34000e38                HPDMA1_Channel0_IRQHandler
                0x34000e38                LPTIM5_IRQHandler
                0x34000e38                HPDMA1_Channel1_IRQHandler
                0x34000e38                UART5_IRQHandler
                0x34000e38                TIM4_IRQHandler
                0x34000e38                NPU3_IRQHandler
                0x34000e38                I3C2_EV_IRQHandler
                0x34000e38                I2C1_EV_IRQHandler
                0x34000e38                FDCAN_CU_IRQHandler
                0x34000e38                GPDMA1_Channel12_IRQHandler
                0x34000e38                HPDMA1_Channel7_IRQHandler
                0x34000e38                GPDMA1_Channel1_IRQHandler
                0x34000e38                TIM16_IRQHandler
                0x34000e38                GPDMA1_Channel15_IRQHandler
                0x34000e38                UART4_IRQHandler
                0x34000e38                TCM_ECC_IRQHandler
                0x34000e38                TIM3_IRQHandler
                0x34000e38                RCC_IRQHandler
                0x34000e38                UART9_IRQHandler
                0x34000e38                NPU1_IRQHandler
                0x34000e38                SAI2_B_IRQHandler
                0x34000e38                Default_Handler
                0x34000e38                GPDMA1_Channel8_IRQHandler
                0x34000e38                HPDMA1_Channel8_IRQHandler
                0x34000e38                TIM18_IRQHandler
                0x34000e38                TIM14_IRQHandler
                0x34000e38                TIM13_IRQHandler
                0x34000e38                CTI_INT1_IRQHandler
                0x34000e38                GPDMA1_Channel11_IRQHandler
                0x34000e38                GPU2D_ER_IRQHandler
                0x34000e38                SPI5_IRQHandler
                0x34000e38                TIM12_IRQHandler
                0x34000e38                TIM7_IRQHandler
                0x34000e38                FDCAN3_IT1_IRQHandler
                0x34000e38                HPDMA1_Channel10_IRQHandler
                0x34000e38                SDMMC1_IRQHandler
                0x34000e38                SAES_IRQHandler
                0x34000e38                TIM5_IRQHandler
                0x34000e38                UCPD1_IRQHandler
                0x34000e38                GPDMA1_Channel0_IRQHandler
                0x34000e38                I3C1_EV_IRQHandler
                0x34000e38                HPDMA1_Channel5_IRQHandler
                0x34000e38                TIM15_IRQHandler
                0x34000e38                I2C3_EV_IRQHandler
                0x34000e38                HPDMA1_Channel4_IRQHandler
                0x34000e38                HPDMA1_Channel15_IRQHandler
                0x34000e38                TIM9_IRQHandler
                0x34000e38                ETH1_IRQHandler
                0x34000e38                USB1_OTG_HS_IRQHandler
                0x34000e38                PVD_PVM_IRQHandler
                0x34000e38                SPI2_IRQHandler
                0x34000e38                TIM1_TRG_CCU_IRQHandler
                0x34000e38                HPDMA1_Channel11_IRQHandler
                0x34000e38                EXTI14_IRQHandler
                0x34000e38                EXTI11_IRQHandler
                0x34000e38                VENC_IRQHandler
                0x34000e38                GPDMA1_Channel14_IRQHandler
                0x34000e38                EXTI4_IRQHandler
                0x34000e38                RTC_S_IRQHandler
                0x34000e38                GPDMA1_Channel13_IRQHandler
                0x34000e38                RNG_IRQHandler
                0x34000e38                XSPI3_IRQHandler
                0x34000e38                FDCAN2_IT1_IRQHandler
                0x34000e38                TIM1_UP_IRQHandler
                0x34000e38                NPU0_IRQHandler
                0x34000e38                BCK_ECC_IRQHandler
                0x34000e38                WWDG_IRQHandler
                0x34000e38                SPI6_IRQHandler
                0x34000e38                MDIOS_IRQHandler
                0x34000e38                I2C4_EV_IRQHandler
                0x34000e38                FDCAN2_IT0_IRQHandler
                0x34000e38                HPDMA1_Channel14_IRQHandler
                0x34000e38                LPUART1_IRQHandler
                0x34000e38                FDCAN1_IT0_IRQHandler
                0x34000e38                MDF1_FLT0_IRQHandler
                0x34000e38                TIM2_IRQHandler
                0x34000e38                MCE3_IRQHandler
                0x34000e38                GPDMA1_Channel4_IRQHandler
                0x34000e38                EXTI7_IRQHandler
                0x34000e38                DMA2D_IRQHandler
                0x34000e38                TIM1_BRK_IRQHandler
                0x34000e38                EXTI1_IRQHandler
                0x34000e38                SDMMC2_IRQHandler
                0x34000e38                TIM11_IRQHandler
                0x34000e38                LTDC_UP_ERR_IRQHandler
                0x34000e38                UART7_IRQHandler
                0x34000e38                DTS_IRQHandler
                0x34000e38                MDF1_FLT3_IRQHandler
                0x34000e38                USART2_IRQHandler
                0x34000e38                GPDMA1_Channel6_IRQHandler
                0x34000e38                ADF1_FLT0_IRQHandler
                0x34000e38                I2C2_ER_IRQHandler
                0x34000e38                MCE1_IRQHandler
                0x34000e38                SPDIFRX_IRQHandler
                0x34000e38                TIM8_BRK_IRQHandler
                0x34000e38                HPDMA1_Channel12_IRQHandler
                0x34000e38                USART1_IRQHandler
                0x34000e38                EXTI10_IRQHandler
                0x34000e38                SPI3_IRQHandler
                0x34000e38                WAKEUP_PIN_IRQHandler
                0x34000e38                DCMIPP_IRQHandler
                0x34000e38                I2C1_ER_IRQHandler
                0x34000e38                FMC_IRQHandler
                0x34000e38                EXTI6_IRQHandler
                0x34000e38                LPTIM1_IRQHandler
                0x34000e38                DCMI_PSSI_IRQHandler
                0x34000e38                TIM8_TRG_CCU_IRQHandler
                0x34000e38                I2C4_ER_IRQHandler
                0x34000e38                GPDMA1_Channel10_IRQHandler
                0x34000e38                ICACHE_IRQHandler
                0x34000e38                HASH_IRQHandler
 .text.HAL_Init
                0x34000e3a       0x28 ./Drivers/STM32N6xx_HAL_Driver/stm32n6xx_hal.o
                0x34000e3a                HAL_Init
 *fill*         0x34000e62        0x2 
 .text.HAL_InitTick
                0x34000e64       0x6c ./Drivers/STM32N6xx_HAL_Driver/stm32n6xx_hal.o
                0x34000e64                HAL_InitTick
 .text.HAL_IncTick
                0x34000ed0       0x28 ./Drivers/STM32N6xx_HAL_Driver/stm32n6xx_hal.o
                0x34000ed0                HAL_IncTick
 .text.__NVIC_SetPriorityGrouping
                0x34000ef8       0x48 ./Drivers/STM32N6xx_HAL_Driver/stm32n6xx_hal_cortex.o
 .text.__NVIC_GetPriorityGrouping
                0x34000f40       0x1c ./Drivers/STM32N6xx_HAL_Driver/stm32n6xx_hal_cortex.o
 .text.__NVIC_SetPriority
                0x34000f5c       0x54 ./Drivers/STM32N6xx_HAL_Driver/stm32n6xx_hal_cortex.o
 .text.NVIC_EncodePriority
                0x34000fb0       0x66 ./Drivers/STM32N6xx_HAL_Driver/stm32n6xx_hal_cortex.o
 *fill*         0x34001016        0x2 
 .text.SysTick_Config
                0x34001018       0x44 ./Drivers/STM32N6xx_HAL_Driver/stm32n6xx_hal_cortex.o
 .text.HAL_NVIC_SetPriorityGrouping
                0x3400105c       0x16 ./Drivers/STM32N6xx_HAL_Driver/stm32n6xx_hal_cortex.o
                0x3400105c                HAL_NVIC_SetPriorityGrouping
 .text.HAL_NVIC_SetPriority
                0x34001072       0x3a ./Drivers/STM32N6xx_HAL_Driver/stm32n6xx_hal_cortex.o
                0x34001072                HAL_NVIC_SetPriority
 .text.HAL_SYSTICK_Config
                0x340010ac       0x18 ./Drivers/STM32N6xx_HAL_Driver/stm32n6xx_hal_cortex.o
                0x340010ac                HAL_SYSTICK_Config
 .text.HAL_GPIO_Init
                0x340010c4      0x364 ./Drivers/STM32N6xx_HAL_Driver/stm32n6xx_hal_gpio.o
                0x340010c4                HAL_GPIO_Init
 .text.HAL_GPIO_WritePin
                0x34001428       0x30 ./Drivers/STM32N6xx_HAL_Driver/stm32n6xx_hal_gpio.o
                0x34001428                HAL_GPIO_WritePin
 .text.HAL_GPIO_TogglePin
                0x34001458       0x34 ./Drivers/STM32N6xx_HAL_Driver/stm32n6xx_hal_gpio.o
                0x34001458                HAL_GPIO_TogglePin
 .text.HAL_GPIO_ConfigPinAttributes
                0x3400148c       0x8e ./Drivers/STM32N6xx_HAL_Driver/stm32n6xx_hal_gpio.o
                0x3400148c                HAL_GPIO_ConfigPinAttributes
 *fill*         0x3400151a        0x2 
 .text.HAL_PWREx_EnableVddIO2
                0x3400151c       0x20 ./Drivers/STM32N6xx_HAL_Driver/stm32n6xx_hal_pwr_ex.o
                0x3400151c                HAL_PWREx_EnableVddIO2
 .text.HAL_PWREx_EnableVddIO3
                0x3400153c       0x20 ./Drivers/STM32N6xx_HAL_Driver/stm32n6xx_hal_pwr_ex.o
                0x3400153c                HAL_PWREx_EnableVddIO3
 .text.vListInitialise
                0x3400155c       0x40 ./Middlewares/FreeRTOS/RTOS/Core/Cortex-M/list.o
                0x3400155c                vListInitialise
 .text.vListInitialiseItem
                0x3400159c       0x1a ./Middlewares/FreeRTOS/RTOS/Core/Cortex-M/list.o
                0x3400159c                vListInitialiseItem
 .text.vListInsert
                0x340015b6       0x72 ./Middlewares/FreeRTOS/RTOS/Core/Cortex-M/list.o
                0x340015b6                vListInsert
 .text.uxListRemove
                0x34001628       0x54 ./Middlewares/FreeRTOS/RTOS/Core/Cortex-M/list.o
                0x34001628                uxListRemove
 .text.vPortSetupTimerInterrupt
                0x3400167c       0x48 ./Middlewares/FreeRTOS/RTOS/Core/Cortex-M/port.o
                0x3400167c                vPortSetupTimerInterrupt
 .text.prvTaskExitError
                0x340016c4       0x38 ./Middlewares/FreeRTOS/RTOS/Core/Cortex-M/port.o
 .text.prvSetupFPU
                0x340016fc       0x30 ./Middlewares/FreeRTOS/RTOS/Core/Cortex-M/port.o
 .text.vPortYield
                0x3400172c       0x24 ./Middlewares/FreeRTOS/RTOS/Core/Cortex-M/port.o
                0x3400172c                vPortYield
 .text.vPortEnterCritical
                0x34001750       0x24 ./Middlewares/FreeRTOS/RTOS/Core/Cortex-M/port.o
                0x34001750                vPortEnterCritical
 .text.vPortExitCritical
                0x34001774       0x34 ./Middlewares/FreeRTOS/RTOS/Core/Cortex-M/port.o
                0x34001774                vPortExitCritical
 .text.xPortSysTickHandler
                0x340017a8       0x30 ./Middlewares/FreeRTOS/RTOS/Core/Cortex-M/port.o
                0x340017a8                xPortSysTickHandler
 .text.vPortSVCHandler_C
                0x340017d8       0x36 ./Middlewares/FreeRTOS/RTOS/Core/Cortex-M/port.o
                0x340017d8                vPortSVCHandler_C
 *fill*         0x3400180e        0x2 
 .text.pxPortInitialiseStack
                0x34001810      0x114 ./Middlewares/FreeRTOS/RTOS/Core/Cortex-M/port.o
                0x34001810                pxPortInitialiseStack
 .text.xPortStartScheduler
                0x34001924      0x12c ./Middlewares/FreeRTOS/RTOS/Core/Cortex-M/port.o
                0x34001924                xPortStartScheduler
 .text.vRestoreContextOfFirstTask
                0x34001a50       0x2c ./Middlewares/FreeRTOS/RTOS/Core/Cortex-M/portasm.o
                0x34001a50                vRestoreContextOfFirstTask
 .text.vStartFirstTask
                0x34001a7c       0x20 ./Middlewares/FreeRTOS/RTOS/Core/Cortex-M/portasm.o
                0x34001a7c                vStartFirstTask
 .text.ulSetInterruptMask
                0x34001a9c       0x1a ./Middlewares/FreeRTOS/RTOS/Core/Cortex-M/portasm.o
                0x34001a9c                ulSetInterruptMask
 .text.vClearInterruptMask
                0x34001ab6       0x10 ./Middlewares/FreeRTOS/RTOS/Core/Cortex-M/portasm.o
                0x34001ab6                vClearInterruptMask
 *fill*         0x34001ac6        0x2 
 .text.PendSV_Handler
                0x34001ac8       0x60 ./Middlewares/FreeRTOS/RTOS/Core/Cortex-M/portasm.o
                0x34001ac8                PendSV_Handler
 .text.SVC_Handler
                0x34001b28       0x18 ./Middlewares/FreeRTOS/RTOS/Core/Cortex-M/portasm.o
                0x34001b28                SVC_Handler
 .text.xQueueGenericReset
                0x34001b40       0xf2 ./Middlewares/FreeRTOS/RTOS/Core/Cortex-M/queue.o
                0x34001b40                xQueueGenericReset
 .text.xQueueGenericCreate
                0x34001c32       0x8e ./Middlewares/FreeRTOS/RTOS/Core/Cortex-M/queue.o
                0x34001c32                xQueueGenericCreate
 .text.prvInitialiseNewQueue
                0x34001cc0       0x4c ./Middlewares/FreeRTOS/RTOS/Core/Cortex-M/queue.o
 .text.xQueueReceive
                0x34001d0c      0x178 ./Middlewares/FreeRTOS/RTOS/Core/Cortex-M/queue.o
                0x34001d0c                xQueueReceive
 .text.prvCopyDataToQueue
                0x34001e84       0xd4 ./Middlewares/FreeRTOS/RTOS/Core/Cortex-M/queue.o
 .text.prvCopyDataFromQueue
                0x34001f58       0x4c ./Middlewares/FreeRTOS/RTOS/Core/Cortex-M/queue.o
 .text.prvUnlockQueue
                0x34001fa4       0xbe ./Middlewares/FreeRTOS/RTOS/Core/Cortex-M/queue.o
 .text.prvIsQueueEmpty
                0x34002062       0x2c ./Middlewares/FreeRTOS/RTOS/Core/Cortex-M/queue.o
 .text.vQueueWaitForMessageRestricted
                0x3400208e       0x68 ./Middlewares/FreeRTOS/RTOS/Core/Cortex-M/queue.o
                0x3400208e                vQueueWaitForMessageRestricted
 .text.prvNotifyQueueSetContainer
                0x340020f6       0xb6 ./Middlewares/FreeRTOS/RTOS/Core/Cortex-M/queue.o
 .text.prvCreateTask
                0x340021ac       0x78 ./Middlewares/FreeRTOS/RTOS/Core/Cortex-M/tasks.o
 .text.xTaskCreate
                0x34002224       0x46 ./Middlewares/FreeRTOS/RTOS/Core/Cortex-M/tasks.o
                0x34002224                xTaskCreate
 .text.prvInitialiseNewTask
                0x3400226a      0x104 ./Middlewares/FreeRTOS/RTOS/Core/Cortex-M/tasks.o
 *fill*         0x3400236e        0x2 
 .text.prvAddNewTaskToReadyList
                0x34002370      0x120 ./Middlewares/FreeRTOS/RTOS/Core/Cortex-M/tasks.o
 .text.vTaskDelay
                0x34002490       0x4c ./Middlewares/FreeRTOS/RTOS/Core/Cortex-M/tasks.o
                0x34002490                vTaskDelay
 .text.prvCreateIdleTasks
                0x340024dc       0x98 ./Middlewares/FreeRTOS/RTOS/Core/Cortex-M/tasks.o
 .text.vTaskStartScheduler
                0x34002574       0x68 ./Middlewares/FreeRTOS/RTOS/Core/Cortex-M/tasks.o
                0x34002574                vTaskStartScheduler
 .text.vTaskSuspendAll
                0x340025dc       0x1c ./Middlewares/FreeRTOS/RTOS/Core/Cortex-M/tasks.o
                0x340025dc                vTaskSuspendAll
 .text.xTaskResumeAll
                0x340025f8      0x1f0 ./Middlewares/FreeRTOS/RTOS/Core/Cortex-M/tasks.o
                0x340025f8                xTaskResumeAll
 .text.xTaskGetTickCount
                0x340027e8       0x20 ./Middlewares/FreeRTOS/RTOS/Core/Cortex-M/tasks.o
                0x340027e8                xTaskGetTickCount
 .text.uxTaskGetNumberOfTasks
                0x34002808       0x18 ./Middlewares/FreeRTOS/RTOS/Core/Cortex-M/tasks.o
                0x34002808                uxTaskGetNumberOfTasks
 .text.xTaskIncrementTick
                0x34002820      0x224 ./Middlewares/FreeRTOS/RTOS/Core/Cortex-M/tasks.o
                0x34002820                xTaskIncrementTick
 .text.vTaskSwitchContext
                0x34002a44       0xa8 ./Middlewares/FreeRTOS/RTOS/Core/Cortex-M/tasks.o
                0x34002a44                vTaskSwitchContext
 .text.vTaskPlaceOnEventList
                0x34002aec       0x3c ./Middlewares/FreeRTOS/RTOS/Core/Cortex-M/tasks.o
                0x34002aec                vTaskPlaceOnEventList
 .text.vTaskPlaceOnEventListRestricted
                0x34002b28       0x7c ./Middlewares/FreeRTOS/RTOS/Core/Cortex-M/tasks.o
                0x34002b28                vTaskPlaceOnEventListRestricted
 .text.xTaskRemoveFromEventList
                0x34002ba4      0x1a0 ./Middlewares/FreeRTOS/RTOS/Core/Cortex-M/tasks.o
                0x34002ba4                xTaskRemoveFromEventList
 .text.vTaskInternalSetTimeOutState
                0x34002d44       0x2c ./Middlewares/FreeRTOS/RTOS/Core/Cortex-M/tasks.o
                0x34002d44                vTaskInternalSetTimeOutState
 .text.xTaskCheckForTimeOut
                0x34002d70       0xd0 ./Middlewares/FreeRTOS/RTOS/Core/Cortex-M/tasks.o
                0x34002d70                xTaskCheckForTimeOut
 .text.vTaskMissedYield
                0x34002e40       0x18 ./Middlewares/FreeRTOS/RTOS/Core/Cortex-M/tasks.o
                0x34002e40                vTaskMissedYield
 .text.prvIdleTask
                0x34002e58       0x20 ./Middlewares/FreeRTOS/RTOS/Core/Cortex-M/tasks.o
 .text.prvInitialiseTaskLists
                0x34002e78       0x80 ./Middlewares/FreeRTOS/RTOS/Core/Cortex-M/tasks.o
 .text.prvCheckTasksWaitingTermination
                0x34002ef8       0x5c ./Middlewares/FreeRTOS/RTOS/Core/Cortex-M/tasks.o
 .text.prvDeleteTCB
                0x34002f54       0x20 ./Middlewares/FreeRTOS/RTOS/Core/Cortex-M/tasks.o
 .text.prvResetNextTaskUnblockTime
                0x34002f74       0x38 ./Middlewares/FreeRTOS/RTOS/Core/Cortex-M/tasks.o
 .text.xTaskGetSchedulerState
                0x34002fac       0x3c ./Middlewares/FreeRTOS/RTOS/Core/Cortex-M/tasks.o
                0x34002fac                xTaskGetSchedulerState
 .text.xTaskPriorityDisinherit
                0x34002fe8      0x12c ./Middlewares/FreeRTOS/RTOS/Core/Cortex-M/tasks.o
                0x34002fe8                xTaskPriorityDisinherit
 .text.prvAddCurrentTaskToDelayedList
                0x34003114      0x10c ./Middlewares/FreeRTOS/RTOS/Core/Cortex-M/tasks.o
 .text.pvPortMalloc
                0x34003220      0x20c ./Middlewares/FreeRTOS/RTOS/Heap/Heap_4/heap_4.o
                0x34003220                pvPortMalloc
 .text.vPortFree
                0x3400342c       0xbc ./Middlewares/FreeRTOS/RTOS/Heap/Heap_4/heap_4.o
                0x3400342c                vPortFree
 .text.prvHeapInit
                0x340034e8       0xb4 ./Middlewares/FreeRTOS/RTOS/Heap/Heap_4/heap_4.o
 .text.prvInsertBlockIntoFreeList
                0x3400359c       0xe0 ./Middlewares/FreeRTOS/RTOS/Heap/Heap_4/heap_4.o
 .text.xTimerCreateTimerTask
                0x3400367c       0x58 ./Middlewares/FreeRTOS/RTOS/Timers/timers.o
                0x3400367c                xTimerCreateTimerTask
 .text.prvReloadTimer
                0x340036d4       0x42 ./Middlewares/FreeRTOS/RTOS/Timers/timers.o
 *fill*         0x34003716        0x2 
 .text.prvProcessExpiredTimer
                0x34003718       0x60 ./Middlewares/FreeRTOS/RTOS/Timers/timers.o
 .text.prvTimerTask
                0x34003778       0x26 ./Middlewares/FreeRTOS/RTOS/Timers/timers.o
 *fill*         0x3400379e        0x2 
 .text.prvProcessTimerOrBlockTask
                0x340037a0       0x8c ./Middlewares/FreeRTOS/RTOS/Timers/timers.o
 .text.prvGetNextExpireTime
                0x3400382c       0x48 ./Middlewares/FreeRTOS/RTOS/Timers/timers.o
 .text.prvSampleTimeNow
                0x34003874       0x40 ./Middlewares/FreeRTOS/RTOS/Timers/timers.o
 .text.prvInsertTimerInActiveList
                0x340038b4       0x84 ./Middlewares/FreeRTOS/RTOS/Timers/timers.o
 .text.prvProcessReceivedCommands
                0x34003938      0x1a8 ./Middlewares/FreeRTOS/RTOS/Timers/timers.o
 .text.prvSwitchTimerLists
                0x34003ae0       0x4c ./Middlewares/FreeRTOS/RTOS/Timers/timers.o
 .text.prvCheckForValidListAndQueue
                0x34003b2c       0x54 ./Middlewares/FreeRTOS/RTOS/Timers/timers.o
 .text.memset   0x34003b80       0x10 C:/ST/STM32CubeIDE_1.18.1/STM32CubeIDE/plugins/com.st.stm32cube.ide.mcu.externaltools.gnu-tools-for-stm32.13.3.rel1.win32_1.0.0.202411081344/tools/bin/../lib/gcc/arm-none-eabi/13.3.1/../../../../arm-none-eabi/lib/thumb/v8-m.main+dp/hard\libc_nano.a(libc_a-memset.o)
                0x34003b80                memset
 .text.__libc_init_array
                0x34003b90       0x48 C:/ST/STM32CubeIDE_1.18.1/STM32CubeIDE/plugins/com.st.stm32cube.ide.mcu.externaltools.gnu-tools-for-stm32.13.3.rel1.win32_1.0.0.202411081344/tools/bin/../lib/gcc/arm-none-eabi/13.3.1/../../../../arm-none-eabi/lib/thumb/v8-m.main+dp/hard\libc_nano.a(libc_a-init.o)
                0x34003b90                __libc_init_array
 .text.memcpy   0x34003bd8       0x1a C:/ST/STM32CubeIDE_1.18.1/STM32CubeIDE/plugins/com.st.stm32cube.ide.mcu.externaltools.gnu-tools-for-stm32.13.3.rel1.win32_1.0.0.202411081344/tools/bin/../lib/gcc/arm-none-eabi/13.3.1/../../../../arm-none-eabi/lib/thumb/v8-m.main+dp/hard\libc_nano.a(libc_a-memcpy-stub.o)
                0x34003bd8                memcpy
 *(.glue_7)
 .glue_7        0x34003bf2        0x0 linker stubs
 *(.glue_7t)
 .glue_7t       0x34003bf2        0x0 linker stubs
 *(.eh_frame)
 *fill*         0x34003bf2        0x2 
 .eh_frame      0x34003bf4        0x0 C:/ST/STM32CubeIDE_1.18.1/STM32CubeIDE/plugins/com.st.stm32cube.ide.mcu.externaltools.gnu-tools-for-stm32.13.3.rel1.win32_1.0.0.202411081344/tools/bin/../lib/gcc/arm-none-eabi/13.3.1/thumb/v8-m.main+dp/hard/crtbegin.o
 *(.RamFunc)
 *(.RamFunc*)
 *(.init)
 .init          0x34003bf4        0x4 C:/ST/STM32CubeIDE_1.18.1/STM32CubeIDE/plugins/com.st.stm32cube.ide.mcu.externaltools.gnu-tools-for-stm32.13.3.rel1.win32_1.0.0.202411081344/tools/bin/../lib/gcc/arm-none-eabi/13.3.1/thumb/v8-m.main+dp/hard/crti.o
                0x34003bf4                _init
 .init          0x34003bf8        0x8 C:/ST/STM32CubeIDE_1.18.1/STM32CubeIDE/plugins/com.st.stm32cube.ide.mcu.externaltools.gnu-tools-for-stm32.13.3.rel1.win32_1.0.0.202411081344/tools/bin/../lib/gcc/arm-none-eabi/13.3.1/thumb/v8-m.main+dp/hard/crtn.o
 *(.fini)
 .fini          0x34003c00        0x4 C:/ST/STM32CubeIDE_1.18.1/STM32CubeIDE/plugins/com.st.stm32cube.ide.mcu.externaltools.gnu-tools-for-stm32.13.3.rel1.win32_1.0.0.202411081344/tools/bin/../lib/gcc/arm-none-eabi/13.3.1/thumb/v8-m.main+dp/hard/crti.o
                0x34003c00                _fini
 .fini          0x34003c04        0x8 C:/ST/STM32CubeIDE_1.18.1/STM32CubeIDE/plugins/com.st.stm32cube.ide.mcu.externaltools.gnu-tools-for-stm32.13.3.rel1.win32_1.0.0.202411081344/tools/bin/../lib/gcc/arm-none-eabi/13.3.1/thumb/v8-m.main+dp/hard/crtn.o
                0x34003c0c                        . = ALIGN (0x4)
                0x34003c0c                        _etext = .

.vfp11_veneer   0x34003c0c        0x0
 .vfp11_veneer  0x34003c0c        0x0 linker stubs

.v4_bx          0x34003c0c        0x0
 .v4_bx         0x34003c0c        0x0 linker stubs

.iplt           0x34003c0c        0x0
 .iplt          0x34003c0c        0x0 C:/ST/STM32CubeIDE_1.18.1/STM32CubeIDE/plugins/com.st.stm32cube.ide.mcu.externaltools.gnu-tools-for-stm32.13.3.rel1.win32_1.0.0.202411081344/tools/bin/../lib/gcc/arm-none-eabi/13.3.1/thumb/v8-m.main+dp/hard/crtbegin.o

.rodata         0x34003c0c       0x1c
                0x34003c0c                        . = ALIGN (0x4)
 *(.rodata)
 .rodata        0x34003c0c        0x7 ./Core/Src/main.o
 *fill*         0x34003c13        0x1 
 .rodata        0x34003c14        0x5 ./Middlewares/FreeRTOS/RTOS/Core/Cortex-M/tasks.o
 *fill*         0x34003c19        0x3 
 .rodata        0x34003c1c        0x8 ./Middlewares/FreeRTOS/RTOS/Timers/timers.o
 *(.rodata*)
 .rodata.uxTopUsedPriority
                0x34003c24        0x4 ./Middlewares/FreeRTOS/RTOS/Core/Cortex-M/tasks.o
                0x34003c28                        . = ALIGN (0x4)

.ARM.extab      0x34003c28        0x0
                0x34003c28                        . = ALIGN (0x4)
 *(.ARM.extab* .gnu.linkonce.armextab.*)
                0x34003c28                        . = ALIGN (0x4)

.ARM            0x34003c28        0x0
                0x34003c28                        . = ALIGN (0x4)
                0x34003c28                        __exidx_start = .
 *(.ARM.exidx*)
                0x34003c28                        __exidx_end = .
                0x34003c28                        . = ALIGN (0x4)

.preinit_array  0x34003c28        0x0
                0x34003c28                        . = ALIGN (0x4)
                0x34003c28                        PROVIDE (__preinit_array_start = .)
 *(.preinit_array*)
                0x34003c28                        PROVIDE (__preinit_array_end = .)
                0x34003c28                        . = ALIGN (0x4)

.init_array     0x34003c28        0x4
                0x34003c28                        . = ALIGN (0x4)
                0x34003c28                        PROVIDE (__init_array_start = .)
 *(SORT_BY_NAME(.init_array.*))
 *(.init_array*)
 .init_array    0x34003c28        0x4 C:/ST/STM32CubeIDE_1.18.1/STM32CubeIDE/plugins/com.st.stm32cube.ide.mcu.externaltools.gnu-tools-for-stm32.13.3.rel1.win32_1.0.0.202411081344/tools/bin/../lib/gcc/arm-none-eabi/13.3.1/thumb/v8-m.main+dp/hard/crtbegin.o
                0x34003c2c                        PROVIDE (__init_array_end = .)
                0x34003c2c                        . = ALIGN (0x4)

.fini_array     0x34003c2c        0x4
                0x34003c2c                        . = ALIGN (0x4)
                [!provide]                        PROVIDE (__fini_array_start = .)
 *(SORT_BY_NAME(.fini_array.*))
 *(.fini_array*)
 .fini_array    0x34003c2c        0x4 C:/ST/STM32CubeIDE_1.18.1/STM32CubeIDE/plugins/com.st.stm32cube.ide.mcu.externaltools.gnu-tools-for-stm32.13.3.rel1.win32_1.0.0.202411081344/tools/bin/../lib/gcc/arm-none-eabi/13.3.1/thumb/v8-m.main+dp/hard/crtbegin.o
                [!provide]                        PROVIDE (__fini_array_end = .)
                0x34003c30                        . = ALIGN (0x4)
                0x34003c30                        _sidata = LOADADDR (.data)

.rel.dyn        0x34003c30        0x0
 .rel.iplt      0x34003c30        0x0 C:/ST/STM32CubeIDE_1.18.1/STM32CubeIDE/plugins/com.st.stm32cube.ide.mcu.externaltools.gnu-tools-for-stm32.13.3.rel1.win32_1.0.0.202411081344/tools/bin/../lib/gcc/arm-none-eabi/13.3.1/thumb/v8-m.main+dp/hard/crtbegin.o

.data           0x34003c30       0x10
                0x34003c30                        . = ALIGN (0x4)
                0x34003c30                        _sdata = .
 *(.data)
 *(.data*)
 .data.SystemCoreClock
                0x34003c30        0x4 ./Core/Src/system_stm32n6xx_s.o
                0x34003c30                SystemCoreClock
 .data.uwTickPrio
                0x34003c34        0x4 ./Drivers/STM32N6xx_HAL_Driver/stm32n6xx_hal.o
                0x34003c34                uwTickPrio
 .data.uwTickFreq
                0x34003c38        0x1 ./Drivers/STM32N6xx_HAL_Driver/stm32n6xx_hal.o
                0x34003c38                uwTickFreq
 *fill*         0x34003c39        0x3 
 .data.ulCriticalNesting
                0x34003c3c        0x4 ./Middlewares/FreeRTOS/RTOS/Core/Cortex-M/port.o
                0x34003c40                        . = ALIGN (0x4)
                0x34003c40                        _edata = .

.igot.plt       0x34003c40        0x0
 .igot.plt      0x34003c40        0x0 C:/ST/STM32CubeIDE_1.18.1/STM32CubeIDE/plugins/com.st.stm32cube.ide.mcu.externaltools.gnu-tools-for-stm32.13.3.rel1.win32_1.0.0.202411081344/tools/bin/../lib/gcc/arm-none-eabi/13.3.1/thumb/v8-m.main+dp/hard/crtbegin.o

.noncacheable   0x34003c40        0x0
                0x34003c40                        . = ALIGN (0x8)
                0x34003c40                        __snoncacheable = .
 *(noncacheable_buffer)
                0x34003c40                        . = ALIGN (0x8)
                0x34003c40                        __enoncacheable = .

.gnu.sgstubs    0x34003c40       0x20
                0x34003c40                        . = ALIGN (0x4)
 *(.gnu.sgstubs*)
                0x34003c40                        . = ALIGN (0x4)
 .gnu.sgstubs.__stub
                0x34003c40       0x10 linker stubs
                0x34003c40                SECURE_SystemCoreClockUpdate
                0x34003c48                SECURE_RegisterCallback
                0x34003c50                        . = ALIGN (0x4)

.bss            0x34003c60     0xf3a8
                0x34003c60                        _sbss = .
                0x34003c60                        __bss_start__ = _sbss
 *(.bss)
 .bss           0x34003c60       0x1c C:/ST/STM32CubeIDE_1.18.1/STM32CubeIDE/plugins/com.st.stm32cube.ide.mcu.externaltools.gnu-tools-for-stm32.13.3.rel1.win32_1.0.0.202411081344/tools/bin/../lib/gcc/arm-none-eabi/13.3.1/thumb/v8-m.main+dp/hard/crtbegin.o
 *(.bss*)
 .bss.pSecureFaultCallback
                0x34003c7c        0x4 ./Core/Src/secure_nsc.o
                0x34003c7c                pSecureFaultCallback
 .bss.pSecureErrorCallback
                0x34003c80        0x4 ./Core/Src/secure_nsc.o
                0x34003c80                pSecureErrorCallback
 .bss.uwTick    0x34003c84        0x4 ./Drivers/STM32N6xx_HAL_Driver/stm32n6xx_hal.o
                0x34003c84                uwTick
 .bss.ucMaxSysCallPriority
                0x34003c88        0x1 ./Middlewares/FreeRTOS/RTOS/Core/Cortex-M/port.o
 *fill*         0x34003c89        0x3 
 .bss.ulMaxPRIGROUPValue
                0x34003c8c        0x4 ./Middlewares/FreeRTOS/RTOS/Core/Cortex-M/port.o
 .bss.pxCurrentTCB
                0x34003c90        0x4 ./Middlewares/FreeRTOS/RTOS/Core/Cortex-M/tasks.o
                0x34003c90                pxCurrentTCB
 .bss.pxReadyTasksLists
                0x34003c94      0x280 ./Middlewares/FreeRTOS/RTOS/Core/Cortex-M/tasks.o
 .bss.xDelayedTaskList1
                0x34003f14       0x14 ./Middlewares/FreeRTOS/RTOS/Core/Cortex-M/tasks.o
 .bss.xDelayedTaskList2
                0x34003f28       0x14 ./Middlewares/FreeRTOS/RTOS/Core/Cortex-M/tasks.o
 .bss.pxDelayedTaskList
                0x34003f3c        0x4 ./Middlewares/FreeRTOS/RTOS/Core/Cortex-M/tasks.o
 .bss.pxOverflowDelayedTaskList
                0x34003f40        0x4 ./Middlewares/FreeRTOS/RTOS/Core/Cortex-M/tasks.o
 .bss.xPendingReadyList
                0x34003f44       0x14 ./Middlewares/FreeRTOS/RTOS/Core/Cortex-M/tasks.o
 .bss.xTasksWaitingTermination
                0x34003f58       0x14 ./Middlewares/FreeRTOS/RTOS/Core/Cortex-M/tasks.o
 .bss.uxDeletedTasksWaitingCleanUp
                0x34003f6c        0x4 ./Middlewares/FreeRTOS/RTOS/Core/Cortex-M/tasks.o
 .bss.xSuspendedTaskList
                0x34003f70       0x14 ./Middlewares/FreeRTOS/RTOS/Core/Cortex-M/tasks.o
 .bss.uxCurrentNumberOfTasks
                0x34003f84        0x4 ./Middlewares/FreeRTOS/RTOS/Core/Cortex-M/tasks.o
 .bss.xTickCount
                0x34003f88        0x4 ./Middlewares/FreeRTOS/RTOS/Core/Cortex-M/tasks.o
 .bss.uxTopReadyPriority
                0x34003f8c        0x4 ./Middlewares/FreeRTOS/RTOS/Core/Cortex-M/tasks.o
 .bss.xSchedulerRunning
                0x34003f90        0x4 ./Middlewares/FreeRTOS/RTOS/Core/Cortex-M/tasks.o
 .bss.xPendedTicks
                0x34003f94        0x4 ./Middlewares/FreeRTOS/RTOS/Core/Cortex-M/tasks.o
 .bss.xYieldPendings
                0x34003f98        0x4 ./Middlewares/FreeRTOS/RTOS/Core/Cortex-M/tasks.o
 .bss.xNumOfOverflows
                0x34003f9c        0x4 ./Middlewares/FreeRTOS/RTOS/Core/Cortex-M/tasks.o
 .bss.uxTaskNumber
                0x34003fa0        0x4 ./Middlewares/FreeRTOS/RTOS/Core/Cortex-M/tasks.o
 .bss.xNextTaskUnblockTime
                0x34003fa4        0x4 ./Middlewares/FreeRTOS/RTOS/Core/Cortex-M/tasks.o
 .bss.xIdleTaskHandles
                0x34003fa8        0x4 ./Middlewares/FreeRTOS/RTOS/Core/Cortex-M/tasks.o
 .bss.uxSchedulerSuspended
                0x34003fac        0x4 ./Middlewares/FreeRTOS/RTOS/Core/Cortex-M/tasks.o
 .bss.ucHeap    0x34003fb0     0xf000 ./Middlewares/FreeRTOS/RTOS/Heap/Heap_4/heap_4.o
 .bss.xStart    0x34012fb0        0x8 ./Middlewares/FreeRTOS/RTOS/Heap/Heap_4/heap_4.o
 .bss.pxEnd     0x34012fb8        0x4 ./Middlewares/FreeRTOS/RTOS/Heap/Heap_4/heap_4.o
 .bss.xFreeBytesRemaining
                0x34012fbc        0x4 ./Middlewares/FreeRTOS/RTOS/Heap/Heap_4/heap_4.o
 .bss.xMinimumEverFreeBytesRemaining
                0x34012fc0        0x4 ./Middlewares/FreeRTOS/RTOS/Heap/Heap_4/heap_4.o
 .bss.xNumberOfSuccessfulAllocations
                0x34012fc4        0x4 ./Middlewares/FreeRTOS/RTOS/Heap/Heap_4/heap_4.o
 .bss.xNumberOfSuccessfulFrees
                0x34012fc8        0x4 ./Middlewares/FreeRTOS/RTOS/Heap/Heap_4/heap_4.o
 .bss.xActiveTimerList1
                0x34012fcc       0x14 ./Middlewares/FreeRTOS/RTOS/Timers/timers.o
 .bss.xActiveTimerList2
                0x34012fe0       0x14 ./Middlewares/FreeRTOS/RTOS/Timers/timers.o
 .bss.pxCurrentTimerList
                0x34012ff4        0x4 ./Middlewares/FreeRTOS/RTOS/Timers/timers.o
 .bss.pxOverflowTimerList
                0x34012ff8        0x4 ./Middlewares/FreeRTOS/RTOS/Timers/timers.o
 .bss.xTimerQueue
                0x34012ffc        0x4 ./Middlewares/FreeRTOS/RTOS/Timers/timers.o
 .bss.xTimerTaskHandle
                0x34013000        0x4 ./Middlewares/FreeRTOS/RTOS/Timers/timers.o
 .bss.xLastTime.0
                0x34013004        0x4 ./Middlewares/FreeRTOS/RTOS/Timers/timers.o
 *(COMMON)
                0x34013008                        . = ALIGN (0x4)
                0x34013008                        _ebss = .
                0x34013008                        __bss_end__ = _ebss

._user_heap_stack
                0x34013008      0xa00
                0x34013008                        . = ALIGN (0x8)
                [!provide]                        PROVIDE (end = .)
                0x34013008                        PROVIDE (_end = .)
                0x34013208                        . = (. + _Min_Heap_Size)
 *fill*         0x34013008      0x200 
                0x34013a08                        . = (. + _Min_Stack_Size)
 *fill*         0x34013208      0x800 
                0x34013a08                        . = ALIGN (0x8)

/DISCARD/
 libc.a(*)
 libm.a(*)
 libgcc.a(*)

.ARM.attributes
                0x00000000       0x3a
 *(.ARM.attributes)
 .ARM.attributes
                0x00000000       0x24 C:/ST/STM32CubeIDE_1.18.1/STM32CubeIDE/plugins/com.st.stm32cube.ide.mcu.externaltools.gnu-tools-for-stm32.13.3.rel1.win32_1.0.0.202411081344/tools/bin/../lib/gcc/arm-none-eabi/13.3.1/thumb/v8-m.main+dp/hard/crti.o
 .ARM.attributes
                0x00000024       0x36 C:/ST/STM32CubeIDE_1.18.1/STM32CubeIDE/plugins/com.st.stm32cube.ide.mcu.externaltools.gnu-tools-for-stm32.13.3.rel1.win32_1.0.0.202411081344/tools/bin/../lib/gcc/arm-none-eabi/13.3.1/thumb/v8-m.main+dp/hard/crtbegin.o
 .ARM.attributes
                0x0000005a       0x3e ./Core/Src/main.o
 .ARM.attributes
                0x00000098       0x3e ./Core/Src/secure_nsc.o
 .ARM.attributes
                0x000000d6       0x3e ./Core/Src/stm32n6xx_hal_msp.o
 .ARM.attributes
                0x00000114       0x3e ./Core/Src/stm32n6xx_it.o
 .ARM.attributes
                0x00000152       0x3e ./Core/Src/system_stm32n6xx_s.o
 .ARM.attributes
                0x00000190       0x22 ./Core/Startup/startup_stm32n657x0hxq.o
 .ARM.attributes
                0x000001b2       0x3e ./Drivers/STM32N6xx_HAL_Driver/stm32n6xx_hal.o
 .ARM.attributes
                0x000001f0       0x3e ./Drivers/STM32N6xx_HAL_Driver/stm32n6xx_hal_cortex.o
 .ARM.attributes
                0x0000022e       0x3e ./Drivers/STM32N6xx_HAL_Driver/stm32n6xx_hal_gpio.o
 .ARM.attributes
                0x0000026c       0x3e ./Drivers/STM32N6xx_HAL_Driver/stm32n6xx_hal_pwr_ex.o
 .ARM.attributes
                0x000002aa       0x3e ./Middlewares/FreeRTOS/RTOS/Core/Cortex-M/list.o
 .ARM.attributes
                0x000002e8       0x3e ./Middlewares/FreeRTOS/RTOS/Core/Cortex-M/port.o
 .ARM.attributes
                0x00000326       0x3e ./Middlewares/FreeRTOS/RTOS/Core/Cortex-M/portasm.o
 .ARM.attributes
                0x00000364       0x3e ./Middlewares/FreeRTOS/RTOS/Core/Cortex-M/queue.o
 .ARM.attributes
                0x000003a2       0x3e ./Middlewares/FreeRTOS/RTOS/Core/Cortex-M/tasks.o
 .ARM.attributes
                0x000003e0       0x3e ./Middlewares/FreeRTOS/RTOS/Heap/Heap_4/heap_4.o
 .ARM.attributes
                0x0000041e       0x3e ./Middlewares/FreeRTOS/RTOS/Timers/timers.o
 .ARM.attributes
                0x0000045c       0x36 C:/ST/STM32CubeIDE_1.18.1/STM32CubeIDE/plugins/com.st.stm32cube.ide.mcu.externaltools.gnu-tools-for-stm32.13.3.rel1.win32_1.0.0.202411081344/tools/bin/../lib/gcc/arm-none-eabi/13.3.1/../../../../arm-none-eabi/lib/thumb/v8-m.main+dp/hard\libc_nano.a(libc_a-memset.o)
 .ARM.attributes
                0x00000492       0x36 C:/ST/STM32CubeIDE_1.18.1/STM32CubeIDE/plugins/com.st.stm32cube.ide.mcu.externaltools.gnu-tools-for-stm32.13.3.rel1.win32_1.0.0.202411081344/tools/bin/../lib/gcc/arm-none-eabi/13.3.1/../../../../arm-none-eabi/lib/thumb/v8-m.main+dp/hard\libc_nano.a(libc_a-init.o)
 .ARM.attributes
                0x000004c8       0x36 C:/ST/STM32CubeIDE_1.18.1/STM32CubeIDE/plugins/com.st.stm32cube.ide.mcu.externaltools.gnu-tools-for-stm32.13.3.rel1.win32_1.0.0.202411081344/tools/bin/../lib/gcc/arm-none-eabi/13.3.1/../../../../arm-none-eabi/lib/thumb/v8-m.main+dp/hard\libc_nano.a(libc_a-memcpy-stub.o)
 .ARM.attributes
                0x000004fe       0x24 C:/ST/STM32CubeIDE_1.18.1/STM32CubeIDE/plugins/com.st.stm32cube.ide.mcu.externaltools.gnu-tools-for-stm32.13.3.rel1.win32_1.0.0.202411081344/tools/bin/../lib/gcc/arm-none-eabi/13.3.1/thumb/v8-m.main+dp/hard/crtn.o
OUTPUT(FreeRTOS_STM32N6570-DK_Appli.elf elf32-littlearm)
LOAD linker stubs
LOAD C:/ST/STM32CubeIDE_1.18.1/STM32CubeIDE/plugins/com.st.stm32cube.ide.mcu.externaltools.gnu-tools-for-stm32.13.3.rel1.win32_1.0.0.202411081344/tools/bin/../lib/gcc/arm-none-eabi/13.3.1/../../../../arm-none-eabi/lib/thumb/v8-m.main+dp/hard\libc.a
LOAD C:/ST/STM32CubeIDE_1.18.1/STM32CubeIDE/plugins/com.st.stm32cube.ide.mcu.externaltools.gnu-tools-for-stm32.13.3.rel1.win32_1.0.0.202411081344/tools/bin/../lib/gcc/arm-none-eabi/13.3.1/../../../../arm-none-eabi/lib/thumb/v8-m.main+dp/hard\libm.a
LOAD C:/ST/STM32CubeIDE_1.18.1/STM32CubeIDE/plugins/com.st.stm32cube.ide.mcu.externaltools.gnu-tools-for-stm32.13.3.rel1.win32_1.0.0.202411081344/tools/bin/../lib/gcc/arm-none-eabi/13.3.1/thumb/v8-m.main+dp/hard\libgcc.a

.debug_info     0x00000000     0xd947
 .debug_info    0x00000000     0x140d ./Core/Src/main.o
 .debug_info    0x0000140d      0x103 ./Core/Src/secure_nsc.o
 .debug_info    0x00001510       0xad ./Core/Src/stm32n6xx_hal_msp.o
 .debug_info    0x000015bd      0x160 ./Core/Src/stm32n6xx_it.o
 .debug_info    0x0000171d     0x1ab2 ./Core/Src/system_stm32n6xx_s.o
 .debug_info    0x000031cf       0x30 ./Core/Startup/startup_stm32n657x0hxq.o
 .debug_info    0x000031ff     0x2784 ./Drivers/STM32N6xx_HAL_Driver/stm32n6xx_hal.o
 .debug_info    0x00005983     0x1485 ./Drivers/STM32N6xx_HAL_Driver/stm32n6xx_hal_cortex.o
 .debug_info    0x00006e08      0xafd ./Drivers/STM32N6xx_HAL_Driver/stm32n6xx_hal_gpio.o
 .debug_info    0x00007905      0xd08 ./Drivers/STM32N6xx_HAL_Driver/stm32n6xx_hal_pwr_ex.o
 .debug_info    0x0000860d      0x2b8 ./Middlewares/FreeRTOS/RTOS/Core/Cortex-M/list.o
 .debug_info    0x000088c5      0x409 ./Middlewares/FreeRTOS/RTOS/Core/Cortex-M/port.o
 .debug_info    0x00008cce      0x166 ./Middlewares/FreeRTOS/RTOS/Core/Cortex-M/portasm.o
 .debug_info    0x00008e34     0x1458 ./Middlewares/FreeRTOS/RTOS/Core/Cortex-M/queue.o
 .debug_info    0x0000a28c     0x22fb ./Middlewares/FreeRTOS/RTOS/Core/Cortex-M/tasks.o
 .debug_info    0x0000c587      0x4d3 ./Middlewares/FreeRTOS/RTOS/Heap/Heap_4/heap_4.o
 .debug_info    0x0000ca5a      0xeed ./Middlewares/FreeRTOS/RTOS/Timers/timers.o

.debug_abbrev   0x00000000     0x1f4f
 .debug_abbrev  0x00000000      0x2e1 ./Core/Src/main.o
 .debug_abbrev  0x000002e1       0x9f ./Core/Src/secure_nsc.o
 .debug_abbrev  0x00000380       0x5a ./Core/Src/stm32n6xx_hal_msp.o
 .debug_abbrev  0x000003da       0xcf ./Core/Src/stm32n6xx_it.o
 .debug_abbrev  0x000004a9      0x177 ./Core/Src/system_stm32n6xx_s.o
 .debug_abbrev  0x00000620       0x24 ./Core/Startup/startup_stm32n657x0hxq.o
 .debug_abbrev  0x00000644      0x2bc ./Drivers/STM32N6xx_HAL_Driver/stm32n6xx_hal.o
 .debug_abbrev  0x00000900      0x316 ./Drivers/STM32N6xx_HAL_Driver/stm32n6xx_hal_cortex.o
 .debug_abbrev  0x00000c16      0x24d ./Drivers/STM32N6xx_HAL_Driver/stm32n6xx_hal_gpio.o
 .debug_abbrev  0x00000e63      0x265 ./Drivers/STM32N6xx_HAL_Driver/stm32n6xx_hal_pwr_ex.o
 .debug_abbrev  0x000010c8       0xee ./Middlewares/FreeRTOS/RTOS/Core/Cortex-M/list.o
 .debug_abbrev  0x000011b6      0x1df ./Middlewares/FreeRTOS/RTOS/Core/Cortex-M/port.o
 .debug_abbrev  0x00001395       0xb8 ./Middlewares/FreeRTOS/RTOS/Core/Cortex-M/portasm.o
 .debug_abbrev  0x0000144d      0x287 ./Middlewares/FreeRTOS/RTOS/Core/Cortex-M/queue.o
 .debug_abbrev  0x000016d4      0x382 ./Middlewares/FreeRTOS/RTOS/Core/Cortex-M/tasks.o
 .debug_abbrev  0x00001a56      0x21f ./Middlewares/FreeRTOS/RTOS/Heap/Heap_4/heap_4.o
 .debug_abbrev  0x00001c75      0x2da ./Middlewares/FreeRTOS/RTOS/Timers/timers.o

.debug_aranges  0x00000000      0xfe8
 .debug_aranges
                0x00000000       0x58 ./Core/Src/main.o
 .debug_aranges
                0x00000058       0x20 ./Core/Src/secure_nsc.o
 .debug_aranges
                0x00000078       0x20 ./Core/Src/stm32n6xx_hal_msp.o
 .debug_aranges
                0x00000098       0x58 ./Core/Src/stm32n6xx_it.o
 .debug_aranges
                0x000000f0       0x38 ./Core/Src/system_stm32n6xx_s.o
 .debug_aranges
                0x00000128       0x28 ./Core/Startup/startup_stm32n657x0hxq.o
 .debug_aranges
                0x00000150      0x3c0 ./Drivers/STM32N6xx_HAL_Driver/stm32n6xx_hal.o
 .debug_aranges
                0x00000510      0x178 ./Drivers/STM32N6xx_HAL_Driver/stm32n6xx_hal_cortex.o
 .debug_aranges
                0x00000688       0xa8 ./Drivers/STM32N6xx_HAL_Driver/stm32n6xx_hal_gpio.o
 .debug_aranges
                0x00000730      0x260 ./Drivers/STM32N6xx_HAL_Driver/stm32n6xx_hal_pwr_ex.o
 .debug_aranges
                0x00000990       0x40 ./Middlewares/FreeRTOS/RTOS/Core/Cortex-M/list.o
 .debug_aranges
                0x000009d0       0x80 ./Middlewares/FreeRTOS/RTOS/Core/Cortex-M/port.o
 .debug_aranges
                0x00000a50       0x60 ./Middlewares/FreeRTOS/RTOS/Core/Cortex-M/portasm.o
 .debug_aranges
                0x00000ab0      0x168 ./Middlewares/FreeRTOS/RTOS/Core/Cortex-M/queue.o
 .debug_aranges
                0x00000c18      0x260 ./Middlewares/FreeRTOS/RTOS/Core/Cortex-M/tasks.o
 .debug_aranges
                0x00000e78       0x68 ./Middlewares/FreeRTOS/RTOS/Heap/Heap_4/heap_4.o
 .debug_aranges
                0x00000ee0      0x108 ./Middlewares/FreeRTOS/RTOS/Timers/timers.o

.debug_rnglists
                0x00000000      0xbf2
 .debug_rnglists
                0x00000000       0x3d ./Core/Src/main.o
 .debug_rnglists
                0x0000003d       0x13 ./Core/Src/secure_nsc.o
 .debug_rnglists
                0x00000050       0x13 ./Core/Src/stm32n6xx_hal_msp.o
 .debug_rnglists
                0x00000063       0x3d ./Core/Src/stm32n6xx_it.o
 .debug_rnglists
                0x000000a0       0x26 ./Core/Src/system_stm32n6xx_s.o
 .debug_rnglists
                0x000000c6       0x19 ./Core/Startup/startup_stm32n657x0hxq.o
 .debug_rnglists
                0x000000df      0x2ce ./Drivers/STM32N6xx_HAL_Driver/stm32n6xx_hal.o
 .debug_rnglists
                0x000003ad      0x115 ./Drivers/STM32N6xx_HAL_Driver/stm32n6xx_hal_cortex.o
 .debug_rnglists
                0x000004c2       0x80 ./Drivers/STM32N6xx_HAL_Driver/stm32n6xx_hal_gpio.o
 .debug_rnglists
                0x00000542      0x1c9 ./Drivers/STM32N6xx_HAL_Driver/stm32n6xx_hal_pwr_ex.o
 .debug_rnglists
                0x0000070b       0x2b ./Middlewares/FreeRTOS/RTOS/Core/Cortex-M/list.o
 .debug_rnglists
                0x00000736       0x5d ./Middlewares/FreeRTOS/RTOS/Core/Cortex-M/port.o
 .debug_rnglists
                0x00000793       0x43 ./Middlewares/FreeRTOS/RTOS/Core/Cortex-M/portasm.o
 .debug_rnglists
                0x000007d6      0x116 ./Middlewares/FreeRTOS/RTOS/Core/Cortex-M/queue.o
 .debug_rnglists
                0x000008ec      0x1f3 ./Middlewares/FreeRTOS/RTOS/Core/Cortex-M/tasks.o
 .debug_rnglists
                0x00000adf       0x4e ./Middlewares/FreeRTOS/RTOS/Heap/Heap_4/heap_4.o
 .debug_rnglists
                0x00000b2d       0xc5 ./Middlewares/FreeRTOS/RTOS/Timers/timers.o

.debug_macro    0x00000000    0x5468c
 .debug_macro   0x00000000      0x363 ./Core/Src/main.o
 .debug_macro   0x00000363      0xb62 ./Core/Src/main.o
 .debug_macro   0x00000ec5       0x16 ./Core/Src/main.o
 .debug_macro   0x00000edb      0x1bd ./Core/Src/main.o
 .debug_macro   0x00001098      0x190 ./Core/Src/main.o
 .debug_macro   0x00001228       0x63 ./Core/Src/main.o
 .debug_macro   0x0000128b       0x2e ./Core/Src/main.o
 .debug_macro   0x000012b9       0x6c ./Core/Src/main.o
 .debug_macro   0x00001325       0x22 ./Core/Src/main.o
 .debug_macro   0x00001347       0x8e ./Core/Src/main.o
 .debug_macro   0x000013d5       0x51 ./Core/Src/main.o
 .debug_macro   0x00001426      0x103 ./Core/Src/main.o
 .debug_macro   0x00001529       0x6a ./Core/Src/main.o
 .debug_macro   0x00001593      0x1df ./Core/Src/main.o
 .debug_macro   0x00001772       0x1c ./Core/Src/main.o
 .debug_macro   0x0000178e       0x28 ./Core/Src/main.o
 .debug_macro   0x000017b6      0x110 ./Core/Src/main.o
 .debug_macro   0x000018c6     0x2dc3 ./Core/Src/main.o
 .debug_macro   0x00004689       0x64 ./Core/Src/main.o
 .debug_macro   0x000046ed      0x346 ./Core/Src/main.o
 .debug_macro   0x00004a33       0x97 ./Core/Src/main.o
 .debug_macro   0x00004aca       0x22 ./Core/Src/main.o
 .debug_macro   0x00004aec    0x3e9b6 ./Core/Src/main.o
 .debug_macro   0x000434a2       0x6c ./Core/Src/main.o
 .debug_macro   0x0004350e     0x346a ./Core/Src/main.o
 .debug_macro   0x00046978       0x61 ./Core/Src/main.o
 .debug_macro   0x000469d9       0x29 ./Core/Src/main.o
 .debug_macro   0x00046a02       0x43 ./Core/Src/main.o
 .debug_macro   0x00046a45       0x34 ./Core/Src/main.o
 .debug_macro   0x00046a79      0x370 ./Core/Src/main.o
 .debug_macro   0x00046de9       0x16 ./Core/Src/main.o
 .debug_macro   0x00046dff       0x4a ./Core/Src/main.o
 .debug_macro   0x00046e49       0x34 ./Core/Src/main.o
 .debug_macro   0x00046e7d       0x10 ./Core/Src/main.o
 .debug_macro   0x00046e8d       0x58 ./Core/Src/main.o
 .debug_macro   0x00046ee5       0x8e ./Core/Src/main.o
 .debug_macro   0x00046f73       0x1c ./Core/Src/main.o
 .debug_macro   0x00046f8f      0x185 ./Core/Src/main.o
 .debug_macro   0x00047114      0x19b ./Core/Src/main.o
 .debug_macro   0x000472af       0x72 ./Core/Src/main.o
 .debug_macro   0x00047321      0x47a ./Core/Src/main.o
 .debug_macro   0x0004779b     0x10f7 ./Core/Src/main.o
 .debug_macro   0x00048892     0x27e2 ./Core/Src/main.o
 .debug_macro   0x0004b074      0xfcd ./Core/Src/main.o
 .debug_macro   0x0004c041      0x1af ./Core/Src/main.o
 .debug_macro   0x0004c1f0      0x2c9 ./Core/Src/main.o
 .debug_macro   0x0004c4b9      0x2bd ./Core/Src/main.o
 .debug_macro   0x0004c776      0x773 ./Core/Src/main.o
 .debug_macro   0x0004cee9      0xa36 ./Core/Src/main.o
 .debug_macro   0x0004d91f      0x7b2 ./Core/Src/main.o
 .debug_macro   0x0004e0d1       0xeb ./Core/Src/main.o
 .debug_macro   0x0004e1bc      0x1ff ./Core/Src/main.o
 .debug_macro   0x0004e3bb      0x36b ./Core/Src/main.o
 .debug_macro   0x0004e726      0x303 ./Core/Src/main.o
 .debug_macro   0x0004ea29      0x46a ./Core/Src/main.o
 .debug_macro   0x0004ee93      0x5e6 ./Core/Src/main.o
 .debug_macro   0x0004f479       0x10 ./Core/Src/main.o
 .debug_macro   0x0004f489       0x16 ./Core/Src/main.o
 .debug_macro   0x0004f49f      0x19f ./Core/Src/main.o
 .debug_macro   0x0004f63e       0x16 ./Core/Src/main.o
 .debug_macro   0x0004f654       0x3c ./Core/Src/main.o
 .debug_macro   0x0004f690       0x16 ./Core/Src/main.o
 .debug_macro   0x0004f6a6       0x29 ./Core/Src/main.o
 .debug_macro   0x0004f6cf       0x34 ./Core/Src/main.o
 .debug_macro   0x0004f703      0x183 ./Core/Src/main.o
 .debug_macro   0x0004f886       0x1c ./Core/Src/main.o
 .debug_macro   0x0004f8a2      0x182 ./Core/Src/main.o
 .debug_macro   0x0004fa24       0x1c ./Core/Src/main.o
 .debug_macro   0x0004fa40      0x1dd ./Core/Src/main.o
 .debug_macro   0x0004fc1d       0x10 ./Core/Src/main.o
 .debug_macro   0x0004fc2d       0x1c ./Core/Src/main.o
 .debug_macro   0x0004fc49       0x1f ./Core/Src/main.o
 .debug_macro   0x0004fc68       0x12 ./Core/Src/main.o
 .debug_macro   0x0004fc7a     0x1041 ./Core/Src/main.o
 .debug_macro   0x00050cbb       0xc3 ./Core/Src/main.o
 .debug_macro   0x00050d7e      0x14f ./Core/Src/main.o
 .debug_macro   0x00050ecd      0x291 ./Core/Src/secure_nsc.o
 .debug_macro   0x0005115e      0x287 ./Core/Src/stm32n6xx_hal_msp.o
 .debug_macro   0x000513e5      0x374 ./Core/Src/stm32n6xx_it.o
 .debug_macro   0x00051759      0x29f ./Core/Src/system_stm32n6xx_s.o
 .debug_macro   0x000519f8      0x1a9 ./Core/Src/system_stm32n6xx_s.o
 .debug_macro   0x00051ba1      0x27f ./Drivers/STM32N6xx_HAL_Driver/stm32n6xx_hal.o
 .debug_macro   0x00051e20      0x27a ./Drivers/STM32N6xx_HAL_Driver/stm32n6xx_hal_cortex.o
 .debug_macro   0x0005209a      0x280 ./Drivers/STM32N6xx_HAL_Driver/stm32n6xx_hal_gpio.o
 .debug_macro   0x0005231a      0x2c7 ./Drivers/STM32N6xx_HAL_Driver/stm32n6xx_hal_pwr_ex.o
 .debug_macro   0x000525e1      0x356 ./Middlewares/FreeRTOS/RTOS/Core/Cortex-M/list.o
 .debug_macro   0x00052937      0x644 ./Middlewares/FreeRTOS/RTOS/Core/Cortex-M/port.o
 .debug_macro   0x00052f7b      0x1b4 ./Middlewares/FreeRTOS/RTOS/Core/Cortex-M/port.o
 .debug_macro   0x0005312f      0x36a ./Middlewares/FreeRTOS/RTOS/Core/Cortex-M/portasm.o
 .debug_macro   0x00053499      0x3ed ./Middlewares/FreeRTOS/RTOS/Core/Cortex-M/queue.o
 .debug_macro   0x00053886       0x16 ./Middlewares/FreeRTOS/RTOS/Core/Cortex-M/queue.o
 .debug_macro   0x0005389c       0x20 ./Middlewares/FreeRTOS/RTOS/Core/Cortex-M/queue.o
 .debug_macro   0x000538bc       0x80 ./Middlewares/FreeRTOS/RTOS/Core/Cortex-M/queue.o
 .debug_macro   0x0005393c      0x473 ./Middlewares/FreeRTOS/RTOS/Core/Cortex-M/tasks.o
 .debug_macro   0x00053daf       0x98 ./Middlewares/FreeRTOS/RTOS/Core/Cortex-M/tasks.o
 .debug_macro   0x00053e47       0x17 ./Middlewares/FreeRTOS/RTOS/Core/Cortex-M/tasks.o
 .debug_macro   0x00053e5e      0x3eb ./Middlewares/FreeRTOS/RTOS/Heap/Heap_4/heap_4.o
 .debug_macro   0x00054249      0x3a5 ./Middlewares/FreeRTOS/RTOS/Timers/timers.o
 .debug_macro   0x000545ee       0x9e ./Middlewares/FreeRTOS/RTOS/Timers/timers.o

.debug_line     0x00000000     0xfaf9
 .debug_line    0x00000000      0xb16 ./Core/Src/main.o
 .debug_line    0x00000b16      0x890 ./Core/Src/secure_nsc.o
 .debug_line    0x000013a6      0x860 ./Core/Src/stm32n6xx_hal_msp.o
 .debug_line    0x00001c06      0xae1 ./Core/Src/stm32n6xx_it.o
 .debug_line    0x000026e7      0xae8 ./Core/Src/system_stm32n6xx_s.o
 .debug_line    0x000031cf       0x7e ./Core/Startup/startup_stm32n657x0hxq.o
 .debug_line    0x0000324d     0x15de ./Drivers/STM32N6xx_HAL_Driver/stm32n6xx_hal.o
 .debug_line    0x0000482b      0xfa9 ./Drivers/STM32N6xx_HAL_Driver/stm32n6xx_hal_cortex.o
 .debug_line    0x000057d4     0x1036 ./Drivers/STM32N6xx_HAL_Driver/stm32n6xx_hal_gpio.o
 .debug_line    0x0000680a     0x1320 ./Drivers/STM32N6xx_HAL_Driver/stm32n6xx_hal_pwr_ex.o
 .debug_line    0x00007b2a      0xb6f ./Middlewares/FreeRTOS/RTOS/Core/Cortex-M/list.o
 .debug_line    0x00008699      0xdab ./Middlewares/FreeRTOS/RTOS/Core/Cortex-M/port.o
 .debug_line    0x00009444      0xb7a ./Middlewares/FreeRTOS/RTOS/Core/Cortex-M/portasm.o
 .debug_line    0x00009fbe     0x193e ./Middlewares/FreeRTOS/RTOS/Core/Cortex-M/queue.o
 .debug_line    0x0000b8fc     0x227f ./Middlewares/FreeRTOS/RTOS/Core/Cortex-M/tasks.o
 .debug_line    0x0000db7b      0xe92 ./Middlewares/FreeRTOS/RTOS/Heap/Heap_4/heap_4.o
 .debug_line    0x0000ea0d     0x10ec ./Middlewares/FreeRTOS/RTOS/Timers/timers.o

.debug_str      0x00000000   0x214824
 .debug_str     0x00000000   0x214824 ./Core/Src/main.o
                             0x20afca (size before relaxing)
 .debug_str     0x00214824   0x1fedd5 ./Core/Src/secure_nsc.o
 .debug_str     0x00214824   0x1fed79 ./Core/Src/stm32n6xx_hal_msp.o
 .debug_str     0x00214824   0x20a356 ./Core/Src/stm32n6xx_it.o
 .debug_str     0x00214824   0x20019b ./Core/Src/system_stm32n6xx_s.o
 .debug_str     0x00214824       0x6e ./Core/Startup/startup_stm32n657x0hxq.o
 .debug_str     0x00214824   0x20140d ./Drivers/STM32N6xx_HAL_Driver/stm32n6xx_hal.o
 .debug_str     0x00214824   0x1fff2a ./Drivers/STM32N6xx_HAL_Driver/stm32n6xx_hal_cortex.o
 .debug_str     0x00214824   0x1ff196 ./Drivers/STM32N6xx_HAL_Driver/stm32n6xx_hal_gpio.o
 .debug_str     0x00214824   0x1ff9d0 ./Drivers/STM32N6xx_HAL_Driver/stm32n6xx_hal_pwr_ex.o
 .debug_str     0x00214824   0x208fce ./Middlewares/FreeRTOS/RTOS/Core/Cortex-M/list.o
 .debug_str     0x00214824   0x20c36b ./Middlewares/FreeRTOS/RTOS/Core/Cortex-M/port.o
 .debug_str     0x00214824   0x208e37 ./Middlewares/FreeRTOS/RTOS/Core/Cortex-M/portasm.o
 .debug_str     0x00214824   0x20b957 ./Middlewares/FreeRTOS/RTOS/Core/Cortex-M/queue.o
 .debug_str     0x00214824   0x20c8a8 ./Middlewares/FreeRTOS/RTOS/Core/Cortex-M/tasks.o
 .debug_str     0x00214824   0x20ab49 ./Middlewares/FreeRTOS/RTOS/Heap/Heap_4/heap_4.o
 .debug_str     0x00214824   0x20bc21 ./Middlewares/FreeRTOS/RTOS/Timers/timers.o

.comment        0x00000000       0x43
 .comment       0x00000000       0x43 ./Core/Src/main.o
                                 0x44 (size before relaxing)
 .comment       0x00000043       0x44 ./Core/Src/secure_nsc.o
 .comment       0x00000043       0x44 ./Core/Src/stm32n6xx_hal_msp.o
 .comment       0x00000043       0x44 ./Core/Src/stm32n6xx_it.o
 .comment       0x00000043       0x44 ./Core/Src/system_stm32n6xx_s.o
 .comment       0x00000043       0x44 ./Drivers/STM32N6xx_HAL_Driver/stm32n6xx_hal.o
 .comment       0x00000043       0x44 ./Drivers/STM32N6xx_HAL_Driver/stm32n6xx_hal_cortex.o
 .comment       0x00000043       0x44 ./Drivers/STM32N6xx_HAL_Driver/stm32n6xx_hal_gpio.o
 .comment       0x00000043       0x44 ./Drivers/STM32N6xx_HAL_Driver/stm32n6xx_hal_pwr_ex.o
 .comment       0x00000043       0x44 ./Middlewares/FreeRTOS/RTOS/Core/Cortex-M/list.o
 .comment       0x00000043       0x44 ./Middlewares/FreeRTOS/RTOS/Core/Cortex-M/port.o
 .comment       0x00000043       0x44 ./Middlewares/FreeRTOS/RTOS/Core/Cortex-M/portasm.o
 .comment       0x00000043       0x44 ./Middlewares/FreeRTOS/RTOS/Core/Cortex-M/queue.o
 .comment       0x00000043       0x44 ./Middlewares/FreeRTOS/RTOS/Core/Cortex-M/tasks.o
 .comment       0x00000043       0x44 ./Middlewares/FreeRTOS/RTOS/Heap/Heap_4/heap_4.o
 .comment       0x00000043       0x44 ./Middlewares/FreeRTOS/RTOS/Timers/timers.o

.debug_frame    0x00000000     0x3fd0
 .debug_frame   0x00000000      0x118 ./Core/Src/main.o
 .debug_frame   0x00000118       0x3c ./Core/Src/secure_nsc.o
 .debug_frame   0x00000154       0x2c ./Core/Src/stm32n6xx_hal_msp.o
 .debug_frame   0x00000180       0xdc ./Core/Src/stm32n6xx_it.o
 .debug_frame   0x0000025c       0xa0 ./Core/Src/system_stm32n6xx_s.o
 .debug_frame   0x000002fc     0x102c ./Drivers/STM32N6xx_HAL_Driver/stm32n6xx_hal.o
 .debug_frame   0x00001328      0x658 ./Drivers/STM32N6xx_HAL_Driver/stm32n6xx_hal_cortex.o
 .debug_frame   0x00001980      0x2dc ./Drivers/STM32N6xx_HAL_Driver/stm32n6xx_hal_gpio.o
 .debug_frame   0x00001c5c      0x98c ./Drivers/STM32N6xx_HAL_Driver/stm32n6xx_hal_pwr_ex.o
 .debug_frame   0x000025e8       0xd8 ./Middlewares/FreeRTOS/RTOS/Core/Cortex-M/list.o
 .debug_frame   0x000026c0      0x1c8 ./Middlewares/FreeRTOS/RTOS/Core/Cortex-M/port.o
 .debug_frame   0x00002888       0xa0 ./Middlewares/FreeRTOS/RTOS/Core/Cortex-M/portasm.o
 .debug_frame   0x00002928      0x61c ./Middlewares/FreeRTOS/RTOS/Core/Cortex-M/queue.o
 .debug_frame   0x00002f44      0xa70 ./Middlewares/FreeRTOS/RTOS/Core/Cortex-M/tasks.o
 .debug_frame   0x000039b4      0x16c ./Middlewares/FreeRTOS/RTOS/Heap/Heap_4/heap_4.o
 .debug_frame   0x00003b20      0x43c ./Middlewares/FreeRTOS/RTOS/Timers/timers.o
 .debug_frame   0x00003f5c       0x20 C:/ST/STM32CubeIDE_1.18.1/STM32CubeIDE/plugins/com.st.stm32cube.ide.mcu.externaltools.gnu-tools-for-stm32.13.3.rel1.win32_1.0.0.202411081344/tools/bin/../lib/gcc/arm-none-eabi/13.3.1/../../../../arm-none-eabi/lib/thumb/v8-m.main+dp/hard\libc_nano.a(libc_a-memset.o)
 .debug_frame   0x00003f7c       0x2c C:/ST/STM32CubeIDE_1.18.1/STM32CubeIDE/plugins/com.st.stm32cube.ide.mcu.externaltools.gnu-tools-for-stm32.13.3.rel1.win32_1.0.0.202411081344/tools/bin/../lib/gcc/arm-none-eabi/13.3.1/../../../../arm-none-eabi/lib/thumb/v8-m.main+dp/hard\libc_nano.a(libc_a-init.o)
 .debug_frame   0x00003fa8       0x28 C:/ST/STM32CubeIDE_1.18.1/STM32CubeIDE/plugins/com.st.stm32cube.ide.mcu.externaltools.gnu-tools-for-stm32.13.3.rel1.win32_1.0.0.202411081344/tools/bin/../lib/gcc/arm-none-eabi/13.3.1/../../../../arm-none-eabi/lib/thumb/v8-m.main+dp/hard\libc_nano.a(libc_a-memcpy-stub.o)

.debug_line_str
                0x00000000       0x52
 .debug_line_str
                0x00000000       0x52 ./Core/Startup/startup_stm32n657x0hxq.o
